<?xml version="1.0" encoding="UTF-8"?>
<TestRun id="6c2697d2-be24-43eb-89d9-d786dd1903ec" name="JL@JLA 2009-09-29 19:31:21" runUser="JLA\JL" xmlns="http://microsoft.com/schemas/VisualStudio/TeamTest/2006">
  <TestRunConfiguration name="Local Test Run" id="ddf0a898-0e29-4648-b4ed-936846171b10">
    <Description>This is a default test run configuration for a local test run.</Description>
    <Deployment runDeploymentRoot="C:\AutoRFID\trunk\AutoRFID\TestResults\JL_JLA 2009-09-29 19_31_21">
      <DeploymentItem filename="C:\AutoRFID\trunk\AutoRFID\Fachada\bin\Debug\Fachada.dll" />
    </Deployment>
    <TestTypeSpecific />
  </TestRunConfiguration>
  <ResultSummary outcome="Failed">
    <Counters total="15" executed="15" passed="11" error="0" failed="4" timeout="0" aborted="0" inconclusive="0" passedButRunAborted="0" notRunnable="0" notExecuted="0" disconnected="0" warning="0" completed="0" inProgress="0" pending="0" />
  </ResultSummary>
  <Times creation="2009-09-29T19:31:21.5937500-03:00" queuing="2009-09-29T19:31:22.0937500-03:00" start="2009-09-29T19:31:22.1250000-03:00" finish="2009-09-29T19:31:23.7656250-03:00" />
  <TestDefinitions>
    <UnitTest name="AlterarAssociadoTest" storage="c:\autorfid\trunk\autorfid\testes\bin\debug\testes.dll" id="1fe22fba-27ee-5b6e-fef9-18f711cfc2d9">
      <Css projectStructure="" iteration="" />
      <Owners>
        <Owner name="" />
      </Owners>
      <Execution id="47edd693-2901-45c3-9411-3fd624eadc5e" />
      <TestMethod codeBase="C:\AutoRFID\trunk\AutoRFID\Testes\bin\Debug\Testes.dll" adapterTypeName="Microsoft.VisualStudio.TestTools.TestTypes.Unit.UnitTestAdapter, Microsoft.VisualStudio.QualityTools.Tips.UnitTest.Adapter, Version=9.0.0.0, Culture=neutral, PublicKeyToken=b03f5f7f11d50a3a" className="Testes.RepositorioEstabelecimentoTest, Testes" name="AlterarAssociadoTest" />
    </UnitTest>
    <UnitTest name="AlterarAssociadoTest" storage="c:\autorfid\trunk\autorfid\testes\bin\debug\testes.dll" id="f1d70b09-4f3e-b6f6-98d9-56fc1ac3f619">
      <Css projectStructure="" iteration="" />
      <Owners>
        <Owner name="" />
      </Owners>
      <Execution id="e7029775-f8f4-4f53-8c0a-67e0ae84610f" />
      <TestMethod codeBase="C:\AutoRFID\trunk\AutoRFID\Testes\bin\Debug\Testes.dll" adapterTypeName="Microsoft.VisualStudio.TestTools.TestTypes.Unit.UnitTestAdapter, Microsoft.VisualStudio.QualityTools.Tips.UnitTest.Adapter, Version=9.0.0.0, Culture=neutral, PublicKeyToken=b03f5f7f11d50a3a" className="Testes.FachadaAssociadoTest, Testes" name="AlterarAssociadoTest" />
    </UnitTest>
    <UnitTest name="InserirAssociadoTest" storage="c:\autorfid\trunk\autorfid\testes\bin\debug\testes.dll" id="79eb4cb2-d216-bab4-86f5-34dad42ddb7a">
      <Css projectStructure="" iteration="" />
      <Owners>
        <Owner name="" />
      </Owners>
      <Execution id="c4fbe446-d772-4f93-accf-509d32b4ffe8" />
      <TestMethod codeBase="C:\AutoRFID\trunk\AutoRFID\Testes\bin\Debug\Testes.dll" adapterTypeName="Microsoft.VisualStudio.TestTools.TestTypes.Unit.UnitTestAdapter, Microsoft.VisualStudio.QualityTools.Tips.UnitTest.Adapter, Version=9.0.0.0, Culture=neutral, PublicKeyToken=b03f5f7f11d50a3a" className="Testes.FachadaAssociadoTest, Testes" name="InserirAssociadoTest" />
    </UnitTest>
    <UnitTest name="InserirEstabelecimentoTest" storage="c:\autorfid\trunk\autorfid\testes\bin\debug\testes.dll" id="ce8744ca-6ff9-56df-8975-f64d38916f3a">
      <Css projectStructure="" iteration="" />
      <Owners>
        <Owner name="" />
      </Owners>
      <Execution id="b1e65340-dbf8-4600-87f8-06b197f19c2e" />
      <TestMethod codeBase="C:\AutoRFID\trunk\AutoRFID\Testes\bin\Debug\Testes.dll" adapterTypeName="Microsoft.VisualStudio.TestTools.TestTypes.Unit.UnitTestAdapter, Microsoft.VisualStudio.QualityTools.Tips.UnitTest.Adapter, Version=9.0.0.0, Culture=neutral, PublicKeyToken=b03f5f7f11d50a3a" className="Testes.RepositorioEstabelecimentoTest, Testes" name="InserirEstabelecimentoTest" />
    </UnitTest>
    <UnitTest name="ConsultarAssociadoTest1" storage="c:\autorfid\trunk\autorfid\testes\bin\debug\testes.dll" id="86f9318d-36c5-1530-1f43-d38616b6be00">
      <Css projectStructure="" iteration="" />
      <Owners>
        <Owner name="" />
      </Owners>
      <Execution id="29041e5f-c9ca-4736-97d8-ca0150106c3e" />
      <TestMethod codeBase="C:\AutoRFID\trunk\AutoRFID\Testes\bin\Debug\Testes.dll" adapterTypeName="Microsoft.VisualStudio.TestTools.TestTypes.Unit.UnitTestAdapter, Microsoft.VisualStudio.QualityTools.Tips.UnitTest.Adapter, Version=9.0.0.0, Culture=neutral, PublicKeyToken=b03f5f7f11d50a3a" className="Testes.FachadaAssociadoTest, Testes" name="ConsultarAssociadoTest1" />
    </UnitTest>
    <UnitTest name="AlterarFuncionarioTest" storage="c:\autorfid\trunk\autorfid\testes\bin\debug\testes.dll" id="405addab-7262-0a5a-cd4d-2ab022f9b0be">
      <Css projectStructure="" iteration="" />
      <Owners>
        <Owner name="" />
      </Owners>
      <Execution id="1e406783-f854-42af-a428-2f6208ba3e92" />
      <TestMethod codeBase="C:\AutoRFID\trunk\AutoRFID\Testes\bin\Debug\Testes.dll" adapterTypeName="Microsoft.VisualStudio.TestTools.TestTypes.Unit.UnitTestAdapter, Microsoft.VisualStudio.QualityTools.Tips.UnitTest.Adapter, Version=9.0.0.0, Culture=neutral, PublicKeyToken=b03f5f7f11d50a3a" className="Testes.FachadaFuncionarioTest, Testes" name="AlterarFuncionarioTest" />
    </UnitTest>
    <UnitTest name="ListarEstabelecimento" storage="c:\autorfid\trunk\autorfid\testes\bin\debug\testes.dll" id="e65ca46c-b468-c509-97fd-e4dedb85ec84">
      <Css projectStructure="" iteration="" />
      <Owners>
        <Owner name="" />
      </Owners>
      <Execution id="55b01847-8d69-4185-a063-47d7090cbd46" />
      <TestMethod codeBase="C:\AutoRFID\trunk\AutoRFID\Testes\bin\Debug\Testes.dll" adapterTypeName="Microsoft.VisualStudio.TestTools.TestTypes.Unit.UnitTestAdapter, Microsoft.VisualStudio.QualityTools.Tips.UnitTest.Adapter, Version=9.0.0.0, Culture=neutral, PublicKeyToken=b03f5f7f11d50a3a" className="Testes.RepositorioEstabelecimentoTest, Testes" name="ListarEstabelecimento" />
    </UnitTest>
    <UnitTest name="ListarAssociadoTest" storage="c:\autorfid\trunk\autorfid\testes\bin\debug\testes.dll" id="8e2e0b8c-24e1-1157-41fd-8a0d2ef38856">
      <Css projectStructure="" iteration="" />
      <Owners>
        <Owner name="" />
      </Owners>
      <Execution id="ac937d10-0a2c-4128-8c32-6b28772684b5" />
      <TestMethod codeBase="C:\AutoRFID\trunk\AutoRFID\Testes\bin\Debug\Testes.dll" adapterTypeName="Microsoft.VisualStudio.TestTools.TestTypes.Unit.UnitTestAdapter, Microsoft.VisualStudio.QualityTools.Tips.UnitTest.Adapter, Version=9.0.0.0, Culture=neutral, PublicKeyToken=b03f5f7f11d50a3a" className="Testes.FachadaAssociadoTest, Testes" name="ListarAssociadoTest" />
    </UnitTest>
    <UnitTest name="ExcluirAssociadoTest" storage="c:\autorfid\trunk\autorfid\testes\bin\debug\testes.dll" id="d2370c58-d793-e03f-1b8b-f87543f174ff">
      <Css projectStructure="" iteration="" />
      <Owners>
        <Owner name="" />
      </Owners>
      <Execution id="abc170a8-2b64-44e5-b333-315e316e7574" />
      <TestMethod codeBase="C:\AutoRFID\trunk\AutoRFID\Testes\bin\Debug\Testes.dll" adapterTypeName="Microsoft.VisualStudio.TestTools.TestTypes.Unit.UnitTestAdapter, Microsoft.VisualStudio.QualityTools.Tips.UnitTest.Adapter, Version=9.0.0.0, Culture=neutral, PublicKeyToken=b03f5f7f11d50a3a" className="Testes.FachadaAssociadoTest, Testes" name="ExcluirAssociadoTest" />
    </UnitTest>
    <UnitTest name="InserirFuncionarioTest" storage="c:\autorfid\trunk\autorfid\testes\bin\debug\testes.dll" id="dfad1513-8f2d-ec2d-3033-169b501e8432">
      <Css projectStructure="" iteration="" />
      <Owners>
        <Owner name="" />
      </Owners>
      <Execution id="95369a8a-c59c-4728-9971-62b3c18ec1d9" />
      <TestMethod codeBase="C:\AutoRFID\trunk\AutoRFID\Testes\bin\Debug\Testes.dll" adapterTypeName="Microsoft.VisualStudio.TestTools.TestTypes.Unit.UnitTestAdapter, Microsoft.VisualStudio.QualityTools.Tips.UnitTest.Adapter, Version=9.0.0.0, Culture=neutral, PublicKeyToken=b03f5f7f11d50a3a" className="Testes.FachadaFuncionarioTest, Testes" name="InserirFuncionarioTest" />
    </UnitTest>
    <UnitTest name="ExcluirFuncionarioTest" storage="c:\autorfid\trunk\autorfid\testes\bin\debug\testes.dll" id="b3b638f9-0653-8a45-8c3b-f0f277fbcf8b">
      <Css projectStructure="" iteration="" />
      <Owners>
        <Owner name="" />
      </Owners>
      <Execution id="e14c16d2-1032-4e99-8709-33f82872f0e8" />
      <TestMethod codeBase="C:\AutoRFID\trunk\AutoRFID\Testes\bin\Debug\Testes.dll" adapterTypeName="Microsoft.VisualStudio.TestTools.TestTypes.Unit.UnitTestAdapter, Microsoft.VisualStudio.QualityTools.Tips.UnitTest.Adapter, Version=9.0.0.0, Culture=neutral, PublicKeyToken=b03f5f7f11d50a3a" className="Testes.FachadaFuncionarioTest, Testes" name="ExcluirFuncionarioTest" />
    </UnitTest>
    <UnitTest name="ConsultarFuncionarioTest1" storage="c:\autorfid\trunk\autorfid\testes\bin\debug\testes.dll" id="41519cc5-c300-645b-3399-81e4cd93d8f4">
      <Css projectStructure="" iteration="" />
      <Owners>
        <Owner name="" />
      </Owners>
      <Execution id="488db5e2-4145-4fa8-96f5-1ac616223e43" />
      <TestMethod codeBase="C:\AutoRFID\trunk\AutoRFID\Testes\bin\Debug\Testes.dll" adapterTypeName="Microsoft.VisualStudio.TestTools.TestTypes.Unit.UnitTestAdapter, Microsoft.VisualStudio.QualityTools.Tips.UnitTest.Adapter, Version=9.0.0.0, Culture=neutral, PublicKeyToken=b03f5f7f11d50a3a" className="Testes.FachadaFuncionarioTest, Testes" name="ConsultarFuncionarioTest1" />
    </UnitTest>
    <UnitTest name="ConsultarEstabelecimentoTest1" storage="c:\autorfid\trunk\autorfid\testes\bin\debug\testes.dll" id="411c5840-badd-0c94-4f67-0ebdfda267ca">
      <Css projectStructure="" iteration="" />
      <Owners>
        <Owner name="" />
      </Owners>
      <Execution id="39f012a3-3b0c-48cf-b216-f19fa7374dc0" />
      <TestMethod codeBase="C:\AutoRFID\trunk\AutoRFID\Testes\bin\Debug\Testes.dll" adapterTypeName="Microsoft.VisualStudio.TestTools.TestTypes.Unit.UnitTestAdapter, Microsoft.VisualStudio.QualityTools.Tips.UnitTest.Adapter, Version=9.0.0.0, Culture=neutral, PublicKeyToken=b03f5f7f11d50a3a" className="Testes.RepositorioEstabelecimentoTest, Testes" name="ConsultarEstabelecimentoTest1" />
    </UnitTest>
    <UnitTest name="ExcluirEstabelecimentoTest" storage="c:\autorfid\trunk\autorfid\testes\bin\debug\testes.dll" id="10f2db0d-0924-6d8d-ff2e-6ce53ef7029d">
      <Css projectStructure="" iteration="" />
      <Owners>
        <Owner name="" />
      </Owners>
      <Execution id="a0f0fc22-e363-4768-8811-8a0a36b9e483" />
      <TestMethod codeBase="C:\AutoRFID\trunk\AutoRFID\Testes\bin\Debug\Testes.dll" adapterTypeName="Microsoft.VisualStudio.TestTools.TestTypes.Unit.UnitTestAdapter, Microsoft.VisualStudio.QualityTools.Tips.UnitTest.Adapter, Version=9.0.0.0, Culture=neutral, PublicKeyToken=b03f5f7f11d50a3a" className="Testes.RepositorioEstabelecimentoTest, Testes" name="ExcluirEstabelecimentoTest" />
    </UnitTest>
    <UnitTest name="ListarFuncionarioTest" storage="c:\autorfid\trunk\autorfid\testes\bin\debug\testes.dll" id="b1e2b982-79fa-53c4-daa2-de2d38a329e1">
      <Css projectStructure="" iteration="" />
      <Owners>
        <Owner name="" />
      </Owners>
      <Execution id="6567655b-20df-4edf-9dbd-0af39d79e760" />
      <TestMethod codeBase="C:\AutoRFID\trunk\AutoRFID\Testes\bin\Debug\Testes.dll" adapterTypeName="Microsoft.VisualStudio.TestTools.TestTypes.Unit.UnitTestAdapter, Microsoft.VisualStudio.QualityTools.Tips.UnitTest.Adapter, Version=9.0.0.0, Culture=neutral, PublicKeyToken=b03f5f7f11d50a3a" className="Testes.FachadaFuncionarioTest, Testes" name="ListarFuncionarioTest" />
    </UnitTest>
  </TestDefinitions>
  <TestLists>
    <TestList name="Results Not in a List" id="8c84fa94-04c1-424b-9868-57a2d4851a1d" />
    <TestList name="All Loaded Results" id="19431567-8539-422a-85d7-44ee4e166bda" />
  </TestLists>
  <TestEntries>
    <TestEntry testId="10f2db0d-0924-6d8d-ff2e-6ce53ef7029d" executionId="a0f0fc22-e363-4768-8811-8a0a36b9e483" testListId="8c84fa94-04c1-424b-9868-57a2d4851a1d" />
    <TestEntry testId="1fe22fba-27ee-5b6e-fef9-18f711cfc2d9" executionId="47edd693-2901-45c3-9411-3fd624eadc5e" testListId="8c84fa94-04c1-424b-9868-57a2d4851a1d" />
    <TestEntry testId="405addab-7262-0a5a-cd4d-2ab022f9b0be" executionId="1e406783-f854-42af-a428-2f6208ba3e92" testListId="8c84fa94-04c1-424b-9868-57a2d4851a1d" />
    <TestEntry testId="411c5840-badd-0c94-4f67-0ebdfda267ca" executionId="39f012a3-3b0c-48cf-b216-f19fa7374dc0" testListId="8c84fa94-04c1-424b-9868-57a2d4851a1d" />
    <TestEntry testId="41519cc5-c300-645b-3399-81e4cd93d8f4" executionId="488db5e2-4145-4fa8-96f5-1ac616223e43" testListId="8c84fa94-04c1-424b-9868-57a2d4851a1d" />
    <TestEntry testId="79eb4cb2-d216-bab4-86f5-34dad42ddb7a" executionId="c4fbe446-d772-4f93-accf-509d32b4ffe8" testListId="8c84fa94-04c1-424b-9868-57a2d4851a1d" />
    <TestEntry testId="86f9318d-36c5-1530-1f43-d38616b6be00" executionId="29041e5f-c9ca-4736-97d8-ca0150106c3e" testListId="8c84fa94-04c1-424b-9868-57a2d4851a1d" />
    <TestEntry testId="8e2e0b8c-24e1-1157-41fd-8a0d2ef38856" executionId="ac937d10-0a2c-4128-8c32-6b28772684b5" testListId="8c84fa94-04c1-424b-9868-57a2d4851a1d" />
    <TestEntry testId="b1e2b982-79fa-53c4-daa2-de2d38a329e1" executionId="6567655b-20df-4edf-9dbd-0af39d79e760" testListId="8c84fa94-04c1-424b-9868-57a2d4851a1d" />
    <TestEntry testId="b3b638f9-0653-8a45-8c3b-f0f277fbcf8b" executionId="e14c16d2-1032-4e99-8709-33f82872f0e8" testListId="8c84fa94-04c1-424b-9868-57a2d4851a1d" />
    <TestEntry testId="ce8744ca-6ff9-56df-8975-f64d38916f3a" executionId="b1e65340-dbf8-4600-87f8-06b197f19c2e" testListId="8c84fa94-04c1-424b-9868-57a2d4851a1d" />
    <TestEntry testId="d2370c58-d793-e03f-1b8b-f87543f174ff" executionId="abc170a8-2b64-44e5-b333-315e316e7574" testListId="8c84fa94-04c1-424b-9868-57a2d4851a1d" />
    <TestEntry testId="dfad1513-8f2d-ec2d-3033-169b501e8432" executionId="95369a8a-c59c-4728-9971-62b3c18ec1d9" testListId="8c84fa94-04c1-424b-9868-57a2d4851a1d" />
    <TestEntry testId="e65ca46c-b468-c509-97fd-e4dedb85ec84" executionId="55b01847-8d69-4185-a063-47d7090cbd46" testListId="8c84fa94-04c1-424b-9868-57a2d4851a1d" />
    <TestEntry testId="f1d70b09-4f3e-b6f6-98d9-56fc1ac3f619" executionId="e7029775-f8f4-4f53-8c0a-67e0ae84610f" testListId="8c84fa94-04c1-424b-9868-57a2d4851a1d" />
  </TestEntries>
  <Results>
    <UnitTestResult executionId="a0f0fc22-e363-4768-8811-8a0a36b9e483" testId="10f2db0d-0924-6d8d-ff2e-6ce53ef7029d" testName="ExcluirEstabelecimentoTest" computerName="JLA" duration="00:00:00.2885187" startTime="2009-09-29T19:31:22.1250000-03:00" endTime="2009-09-29T19:31:23.1093750-03:00" testType="13cdc9d9-ddb5-4fa4-a97d-d965ccfc6d4b" outcome="Passed" testListId="8c84fa94-04c1-424b-9868-57a2d4851a1d">
      <Output>
      </Output>
    </UnitTestResult>
    <UnitTestResult executionId="47edd693-2901-45c3-9411-3fd624eadc5e" testId="1fe22fba-27ee-5b6e-fef9-18f711cfc2d9" testName="AlterarAssociadoTest" computerName="JLA" duration="00:00:00.0153100" startTime="2009-09-29T19:31:23.1093750-03:00" endTime="2009-09-29T19:31:23.1250000-03:00" testType="13cdc9d9-ddb5-4fa4-a97d-d965ccfc6d4b" outcome="Failed" testListId="8c84fa94-04c1-424b-9868-57a2d4851a1d">
      <Output>
        <ErrorInfo>
          <Message>Test method Testes.RepositorioEstabelecimentoTest.AlterarAssociadoTest threw exception:  System.Exception: CNPJ Inválido!.</Message>
          <StackTrace>    at Fachada.Controlador.ControladorEstabelecimento.IncluirEstabelecimento(Estabelecimento objEstabelecimento) in c:\autorfid\trunk\autorfid\fachada\controlador\controladorestabelecimento.cs:line 32
   at Fachada.Fachada.Fachada.IncluirEstabelecimento(Estabelecimento f) in C:\AutoRFID\trunk\AutoRFID\Fachada\Fachada\Fachada.cs:line 107
   at Testes.RepositorioEstabelecimentoTest.AlterarAssociadoTest() in C:\AutoRFID\trunk\AutoRFID\Testes\RepositorioEstabelecimentoTest.cs:line 141
</StackTrace>
        </ErrorInfo>
      </Output>
    </UnitTestResult>
    <UnitTestResult executionId="1e406783-f854-42af-a428-2f6208ba3e92" testId="405addab-7262-0a5a-cd4d-2ab022f9b0be" testName="AlterarFuncionarioTest" computerName="JLA" duration="00:00:00.2678686" startTime="2009-09-29T19:31:23.1250000-03:00" endTime="2009-09-29T19:31:23.3906250-03:00" testType="13cdc9d9-ddb5-4fa4-a97d-d965ccfc6d4b" outcome="Passed" testListId="8c84fa94-04c1-424b-9868-57a2d4851a1d">
      <Output>
      </Output>
    </UnitTestResult>
    <UnitTestResult executionId="39f012a3-3b0c-48cf-b216-f19fa7374dc0" testId="411c5840-badd-0c94-4f67-0ebdfda267ca" testName="ConsultarEstabelecimentoTest1" computerName="JLA" duration="00:00:00.1067241" startTime="2009-09-29T19:31:23.3906250-03:00" endTime="2009-09-29T19:31:23.5000000-03:00" testType="13cdc9d9-ddb5-4fa4-a97d-d965ccfc6d4b" outcome="Failed" testListId="8c84fa94-04c1-424b-9868-57a2d4851a1d">
      <Output>
        <ErrorInfo>
          <Message>Assert.AreEqual failed. Expected:&lt;234232232&gt;. Actual:&lt;(null)&gt;. </Message>
          <StackTrace>   at Testes.RepositorioEstabelecimentoTest.ConsultarEstabelecimentoTest1() in C:\AutoRFID\trunk\AutoRFID\Testes\RepositorioEstabelecimentoTest.cs:line 118
</StackTrace>
        </ErrorInfo>
      </Output>
    </UnitTestResult>
    <UnitTestResult executionId="488db5e2-4145-4fa8-96f5-1ac616223e43" testId="41519cc5-c300-645b-3399-81e4cd93d8f4" testName="ConsultarFuncionarioTest1" computerName="JLA" duration="00:00:00.0039460" startTime="2009-09-29T19:31:23.5156250-03:00" endTime="2009-09-29T19:31:23.5156250-03:00" testType="13cdc9d9-ddb5-4fa4-a97d-d965ccfc6d4b" outcome="Passed" testListId="8c84fa94-04c1-424b-9868-57a2d4851a1d">
      <Output>
      </Output>
    </UnitTestResult>
    <UnitTestResult executionId="c4fbe446-d772-4f93-accf-509d32b4ffe8" testId="79eb4cb2-d216-bab4-86f5-34dad42ddb7a" testName="InserirAssociadoTest" computerName="JLA" duration="00:00:00.0465480" startTime="2009-09-29T19:31:23.5156250-03:00" endTime="2009-09-29T19:31:23.5625000-03:00" testType="13cdc9d9-ddb5-4fa4-a97d-d965ccfc6d4b" outcome="Passed" testListId="8c84fa94-04c1-424b-9868-57a2d4851a1d">
      <Output>
      </Output>
    </UnitTestResult>
    <UnitTestResult executionId="29041e5f-c9ca-4736-97d8-ca0150106c3e" testId="86f9318d-36c5-1530-1f43-d38616b6be00" testName="ConsultarAssociadoTest1" computerName="JLA" duration="00:00:00.0023039" startTime="2009-09-29T19:31:23.5625000-03:00" endTime="2009-09-29T19:31:23.5781250-03:00" testType="13cdc9d9-ddb5-4fa4-a97d-d965ccfc6d4b" outcome="Passed" testListId="8c84fa94-04c1-424b-9868-57a2d4851a1d">
      <Output>
      </Output>
    </UnitTestResult>
    <UnitTestResult executionId="ac937d10-0a2c-4128-8c32-6b28772684b5" testId="8e2e0b8c-24e1-1157-41fd-8a0d2ef38856" testName="ListarAssociadoTest" computerName="JLA" duration="00:00:00.0030934" startTime="2009-09-29T19:31:23.5781250-03:00" endTime="2009-09-29T19:31:23.5781250-03:00" testType="13cdc9d9-ddb5-4fa4-a97d-d965ccfc6d4b" outcome="Passed" testListId="8c84fa94-04c1-424b-9868-57a2d4851a1d">
      <Output>
      </Output>
    </UnitTestResult>
    <UnitTestResult executionId="6567655b-20df-4edf-9dbd-0af39d79e760" testId="b1e2b982-79fa-53c4-daa2-de2d38a329e1" testName="ListarFuncionarioTest" computerName="JLA" duration="00:00:00.0044815" startTime="2009-09-29T19:31:23.5781250-03:00" endTime="2009-09-29T19:31:23.5937500-03:00" testType="13cdc9d9-ddb5-4fa4-a97d-d965ccfc6d4b" outcome="Passed" testListId="8c84fa94-04c1-424b-9868-57a2d4851a1d">
      <Output>
      </Output>
    </UnitTestResult>
    <UnitTestResult executionId="e14c16d2-1032-4e99-8709-33f82872f0e8" testId="b3b638f9-0653-8a45-8c3b-f0f277fbcf8b" testName="ExcluirFuncionarioTest" computerName="JLA" duration="00:00:00.0037915" startTime="2009-09-29T19:31:23.5937500-03:00" endTime="2009-09-29T19:31:23.5937500-03:00" testType="13cdc9d9-ddb5-4fa4-a97d-d965ccfc6d4b" outcome="Failed" testListId="8c84fa94-04c1-424b-9868-57a2d4851a1d">
      <Output>
        <ErrorInfo>
          <Message>Test method Testes.FachadaFuncionarioTest.ExcluirFuncionarioTest threw exception:  System.NullReferenceException: Object reference not set to an instance of an object..</Message>
          <StackTrace>    at Fachada.Controlador.ControladorFuncionario.ExcluirFuncionario(String cpf) in C:\AutoRFID\trunk\AutoRFID\Fachada\Controlador\ControladorFuncionario.cs:line 62
   at Fachada.Fachada.Fachada.ExcluirFuncionario(String cpf) in C:\AutoRFID\trunk\AutoRFID\Fachada\Fachada\Fachada.cs:line 50
   at Testes.FachadaFuncionarioTest.ExcluirFuncionarioTest() in C:\AutoRFID\trunk\AutoRFID\Testes\FachadaFuncionarioTest.cs:line 129
</StackTrace>
        </ErrorInfo>
      </Output>
    </UnitTestResult>
    <UnitTestResult executionId="b1e65340-dbf8-4600-87f8-06b197f19c2e" testId="ce8744ca-6ff9-56df-8975-f64d38916f3a" testName="InserirEstabelecimentoTest" computerName="JLA" duration="00:00:00.0019806" startTime="2009-09-29T19:31:23.5937500-03:00" endTime="2009-09-29T19:31:23.5937500-03:00" testType="13cdc9d9-ddb5-4fa4-a97d-d965ccfc6d4b" outcome="Failed" testListId="8c84fa94-04c1-424b-9868-57a2d4851a1d">
      <Output>
        <ErrorInfo>
          <Message>Test method Testes.RepositorioEstabelecimentoTest.InserirEstabelecimentoTest threw exception:  System.Exception: CNPJ Inválido!.</Message>
          <StackTrace>    at Fachada.Controlador.ControladorEstabelecimento.IncluirEstabelecimento(Estabelecimento objEstabelecimento) in c:\autorfid\trunk\autorfid\fachada\controlador\controladorestabelecimento.cs:line 32
   at Fachada.Fachada.Fachada.IncluirEstabelecimento(Estabelecimento f) in C:\AutoRFID\trunk\AutoRFID\Fachada\Fachada\Fachada.cs:line 107
   at Testes.RepositorioEstabelecimentoTest.InserirEstabelecimentoTest() in C:\AutoRFID\trunk\AutoRFID\Testes\RepositorioEstabelecimentoTest.cs:line 105
</StackTrace>
        </ErrorInfo>
      </Output>
    </UnitTestResult>
    <UnitTestResult executionId="abc170a8-2b64-44e5-b333-315e316e7574" testId="d2370c58-d793-e03f-1b8b-f87543f174ff" testName="ExcluirAssociadoTest" computerName="JLA" duration="00:00:00.0035281" startTime="2009-09-29T19:31:23.6093750-03:00" endTime="2009-09-29T19:31:23.6093750-03:00" testType="13cdc9d9-ddb5-4fa4-a97d-d965ccfc6d4b" outcome="Passed" testListId="8c84fa94-04c1-424b-9868-57a2d4851a1d">
      <Output>
      </Output>
    </UnitTestResult>
    <UnitTestResult executionId="95369a8a-c59c-4728-9971-62b3c18ec1d9" testId="dfad1513-8f2d-ec2d-3033-169b501e8432" testName="InserirFuncionarioTest" computerName="JLA" duration="00:00:00.0477482" startTime="2009-09-29T19:31:23.6093750-03:00" endTime="2009-09-29T19:31:23.6562500-03:00" testType="13cdc9d9-ddb5-4fa4-a97d-d965ccfc6d4b" outcome="Passed" testListId="8c84fa94-04c1-424b-9868-57a2d4851a1d">
      <Output>
      </Output>
    </UnitTestResult>
    <UnitTestResult executionId="55b01847-8d69-4185-a063-47d7090cbd46" testId="e65ca46c-b468-c509-97fd-e4dedb85ec84" testName="ListarEstabelecimento" computerName="JLA" duration="00:00:00.0001695" startTime="2009-09-29T19:31:23.6562500-03:00" endTime="2009-09-29T19:31:23.6718750-03:00" testType="13cdc9d9-ddb5-4fa4-a97d-d965ccfc6d4b" outcome="Passed" testListId="8c84fa94-04c1-424b-9868-57a2d4851a1d">
      <Output>
      </Output>
    </UnitTestResult>
    <UnitTestResult executionId="e7029775-f8f4-4f53-8c0a-67e0ae84610f" testId="f1d70b09-4f3e-b6f6-98d9-56fc1ac3f619" testName="AlterarAssociadoTest" computerName="JLA" duration="00:00:00.0809290" startTime="2009-09-29T19:31:23.6718750-03:00" endTime="2009-09-29T19:31:23.7500000-03:00" testType="13cdc9d9-ddb5-4fa4-a97d-d965ccfc6d4b" outcome="Passed" testListId="8c84fa94-04c1-424b-9868-57a2d4851a1d">
      <Output>
      </Output>
    </UnitTestResult>
  </Results>
</TestRun>